../../../../build-definitions/task/sast-snyk-check/0.1/sast-snyk-check.yaml