../../../../build-definitions/task/sast-snyk-check-oci-ta/0.1/sast-snyk-check-oci-ta.yaml