../../../../build-definitions/task/prefetch-dependencies/0.1/prefetch-dependencies.yaml