../../../../build-definitions/task/prefetch-dependencies-oci-ta/0.1/prefetch-dependencies-oci-ta.yaml