../../../../build-definitions/task/git-clone/0.1/git-clone.yaml