../../../../build-definitions/task/git-clone-oci-ta/0.1/git-clone-oci-ta.yaml