../../../../build-definitions/task/source-build/0.1/source-build.yaml