../../../../build-definitions/task/source-build-oci-ta/0.1/source-build-oci-ta.yaml