../../../../build-definitions/task/buildah/0.1/buildah.yaml