../../../../build-definitions/task/buildah-oci-ta/0.1/buildah-oci-ta.yaml